// Jest Snapshot v1, https://goo.gl/fbAQLP

exports[`Movie Details Component renders movie details component 1`] = `
<div>
  <section
    class="showtimesSection"
  >
    <h3
      class="sectionTitle"
    >
      Dans vos cinémas favoris :
    </h3>
    <div
      class="theaterSchedule"
    >
      <p
        class="theaterName"
      >
        UGC Ciné Cité Strasbourg Etoile
      </p>
      <div
        class="timeSlotWrapper"
      >
        <button
          class="timeSlot"
        >
          11:45
        </button>
        <button
          class="timeSlot"
        >
          14:15
        </button>
        <button
          class="timeSlot"
        >
          16:45
        </button>
        <button
          class="timeSlot"
        >
          19:15
        </button>
        <button
          class="timeSlot"
        >
          21:45
        </button>
      </div>
    </div>
    <div
      class="theaterSchedule"
    >
      <p
        class="theaterName"
      >
        Star Saint-Exupery
      </p>
      <div
        class="timeSlotWrapper"
      >
        <button
          class="timeSlot"
        >
          11:45
        </button>
        <button
          class="timeSlot"
        >
          14:15
        </button>
        <button
          class="timeSlot"
        >
          16:45
        </button>
        <button
          class="timeSlot"
        >
          19:15
        </button>
        <button
          class="timeSlot"
        >
          21:45
        </button>
      </div>
    </div>
    <div
      class="theaterSchedule"
    >
      <p
        class="theaterName"
      >
        Cinéma Vox
      </p>
      <div
        class="timeSlotWrapper"
      >
        <button
          class="timeSlot"
        >
          11:45
        </button>
        <button
          class="timeSlot"
        >
          14:15
        </button>
        <button
          class="timeSlot"
        >
          16:45
        </button>
        <button
          class="timeSlot"
        >
          19:15
        </button>
        <button
          class="timeSlot"
        >
          21:45
        </button>
      </div>
    </div>
  </section>
</div>
`;
