// Jest Snapshot v1, https://goo.gl/fbAQLP

exports[`Currently showing movie carousel component tests renders error when failing to get currently movies 1`] = `
<div>
  <div
    class="carousel carousel"
  >
    <div
      class="spinner"
    />
  </div>
</div>
`;

exports[`Currently showing movie carousel component tests renders error when time out 1`] = `
<div>
  <div
    class="carousel carousel"
  >
    <div
      class="spinner"
    />
  </div>
</div>
`;

exports[`Currently showing movie carousel component tests renders movie Carousel component 1`] = `
<div>
  <div
    class="carousel carousel"
  >
    <div
      class="spinner"
    />
  </div>
</div>
`;
