// Jest Snapshot v1, https://goo.gl/fbAQLP

exports[`Watchlist movie carousel component tests renders error when failing to get watchlist movies 1`] = `
<div>
  <div
    class="carousel carousel"
  >
    <div
      class="spinner"
    />
  </div>
  <button
    class="seeDetailsBtn"
  >
    Voir les 0 films &gt;
  </button>
</div>
`;

exports[`Watchlist movie carousel component tests renders error when time out 1`] = `
<div>
  <div
    class="carousel carousel"
  >
    <div
      class="spinner"
    />
  </div>
  <button
    class="seeDetailsBtn"
  >
    Voir les 0 films &gt;
  </button>
</div>
`;

exports[`Watchlist movie carousel component tests renders movie Carousel component 1`] = `
<div>
  <div
    class="carousel carousel"
  >
    <div
      class="spinner"
    />
  </div>
  <button
    class="seeDetailsBtn"
  >
    Voir les 0 films &gt;
  </button>
</div>
`;
